matching failure: couldn't read integer from input
