here is your list: 4 -> 3 -> 2 -> 1 -> NULL
list sum: 10
list squares: 16 -> 9 -> 4 -> 1 -> NULL
